In file included from /home/abc/nhat/optee_examples/eevm_minimal_ta/external/openenclave/3rdparty/libcxx/libcxx/include/vector:273,
                 from /home/abc/nhat/optee_examples/eevm_minimal_ta/external/openenclave/3rdparty/libcxx/libcxx/src/vector.cpp:9:
/home/abc/nhat/optee_examples/eevm_minimal_ta/external/openenclave/3rdparty/libcxx/libcxx/include/iosfwd:189:14: error: ‘mbstate_t’ was not declared in this scope
  189 | typedef fpos<mbstate_t>    streampos;
      |              ^~~~~~~~~
/home/abc/nhat/optee_examples/eevm_minimal_ta/external/openenclave/3rdparty/libcxx/libcxx/include/iosfwd:189:23: error: template argument 1 is invalid
  189 | typedef fpos<mbstate_t>    streampos;
      |                       ^
/home/abc/nhat/optee_examples/eevm_minimal_ta/external/openenclave/3rdparty/libcxx/libcxx/include/iosfwd:190:14: error: ‘mbstate_t’ was not declared in this scope
  190 | typedef fpos<mbstate_t>    wstreampos;
      |              ^~~~~~~~~
/home/abc/nhat/optee_examples/eevm_minimal_ta/external/openenclave/3rdparty/libcxx/libcxx/include/iosfwd:190:23: error: template argument 1 is invalid
  190 | typedef fpos<mbstate_t>    wstreampos;
      |                       ^
/home/abc/nhat/optee_examples/eevm_minimal_ta/external/openenclave/3rdparty/libcxx/libcxx/include/iosfwd:195:14: error: ‘mbstate_t’ was not declared in this scope
  195 | typedef fpos<mbstate_t>    u16streampos;
      |              ^~~~~~~~~
/home/abc/nhat/optee_examples/eevm_minimal_ta/external/openenclave/3rdparty/libcxx/libcxx/include/iosfwd:195:23: error: template argument 1 is invalid
  195 | typedef fpos<mbstate_t>    u16streampos;
      |                       ^
/home/abc/nhat/optee_examples/eevm_minimal_ta/external/openenclave/3rdparty/libcxx/libcxx/include/iosfwd:196:14: error: ‘mbstate_t’ was not declared in this scope
  196 | typedef fpos<mbstate_t>    u32streampos;
      |              ^~~~~~~~~
/home/abc/nhat/optee_examples/eevm_minimal_ta/external/openenclave/3rdparty/libcxx/libcxx/include/iosfwd:196:23: error: template argument 1 is invalid
  196 | typedef fpos<mbstate_t>    u32streampos;
      |                       ^
In file included from /home/abc/nhat/optee_examples/eevm_minimal_ta/external/openenclave/3rdparty/libcxx/libcxx/include/__debug:25,
                 from /home/abc/nhat/optee_examples/eevm_minimal_ta/external/openenclave/3rdparty/libcxx/libcxx/include/bit:60,
                 from /home/abc/nhat/optee_examples/eevm_minimal_ta/external/openenclave/3rdparty/libcxx/libcxx/include/__bit_reference:14,
                 from /home/abc/nhat/optee_examples/eevm_minimal_ta/external/openenclave/3rdparty/libcxx/libcxx/include/vector:274:
/home/abc/nhat/optee_examples/eevm_minimal_ta/external/openenclave/3rdparty/libcxx/libcxx/include/cstdlib:100:9: error: ‘div_t’ has not been declared in ‘::’
  100 | using ::div_t;
      |         ^~~~~
/home/abc/nhat/optee_examples/eevm_minimal_ta/external/openenclave/3rdparty/libcxx/libcxx/include/cstdlib:101:9: error: ‘ldiv_t’ has not been declared in ‘::’
  101 | using ::ldiv_t;
      |         ^~~~~~
/home/abc/nhat/optee_examples/eevm_minimal_ta/external/openenclave/3rdparty/libcxx/libcxx/include/cstdlib:103:9: error: ‘lldiv_t’ has not been declared in ‘::’
  103 | using ::lldiv_t;
      |         ^~~~~~~
/home/abc/nhat/optee_examples/eevm_minimal_ta/external/openenclave/3rdparty/libcxx/libcxx/include/cstdlib:105:9: error: ‘atof’ has not been declared in ‘::’
  105 | using ::atof;
      |         ^~~~
/home/abc/nhat/optee_examples/eevm_minimal_ta/external/openenclave/3rdparty/libcxx/libcxx/include/cstdlib:106:9: error: ‘atoi’ has not been declared in ‘::’
  106 | using ::atoi;
      |         ^~~~
/home/abc/nhat/optee_examples/eevm_minimal_ta/external/openenclave/3rdparty/libcxx/libcxx/include/cstdlib:107:9: error: ‘atol’ has not been declared in ‘::’
  107 | using ::atol;
      |         ^~~~
/home/abc/nhat/optee_examples/eevm_minimal_ta/external/openenclave/3rdparty/libcxx/libcxx/include/cstdlib:109:9: error: ‘atoll’ has not been declared in ‘::’
  109 | using ::atoll;
      |         ^~~~~
/home/abc/nhat/optee_examples/eevm_minimal_ta/external/openenclave/3rdparty/libcxx/libcxx/include/cstdlib:111:9: error: ‘strtod’ has not been declared in ‘::’
  111 | using ::strtod;
      |         ^~~~~~
/home/abc/nhat/optee_examples/eevm_minimal_ta/external/openenclave/3rdparty/libcxx/libcxx/include/cstdlib:112:9: error: ‘strtof’ has not been declared in ‘::’
  112 | using ::strtof;
      |         ^~~~~~
/home/abc/nhat/optee_examples/eevm_minimal_ta/external/openenclave/3rdparty/libcxx/libcxx/include/cstdlib:113:9: error: ‘strtold’ has not been declared in ‘::’
  113 | using ::strtold;
      |         ^~~~~~~
/home/abc/nhat/optee_examples/eevm_minimal_ta/external/openenclave/3rdparty/libcxx/libcxx/include/cstdlib:114:9: error: ‘strtol’ has not been declared in ‘::’
  114 | using ::strtol;
      |         ^~~~~~
/home/abc/nhat/optee_examples/eevm_minimal_ta/external/openenclave/3rdparty/libcxx/libcxx/include/cstdlib:116:9: error: ‘strtoll’ has not been declared in ‘::’
  116 | using ::strtoll;
      |         ^~~~~~~
/home/abc/nhat/optee_examples/eevm_minimal_ta/external/openenclave/3rdparty/libcxx/libcxx/include/cstdlib:120:9: error: ‘strtoull’ has not been declared in ‘::’
  120 | using ::strtoull;
      |         ^~~~~~~~
/home/abc/nhat/optee_examples/eevm_minimal_ta/external/openenclave/3rdparty/libcxx/libcxx/include/cstdlib:123:9: error: ‘srand’ has not been declared in ‘::’
  123 | using ::srand;
      |         ^~~~~
/home/abc/nhat/optee_examples/eevm_minimal_ta/external/openenclave/3rdparty/libcxx/libcxx/include/cstdlib:129:9: error: ‘atexit’ has not been declared in ‘::’
  129 | using ::atexit;
      |         ^~~~~~
/home/abc/nhat/optee_examples/eevm_minimal_ta/external/openenclave/3rdparty/libcxx/libcxx/include/cstdlib:130:9: error: ‘exit’ has not been declared in ‘::’
  130 | using ::exit;
      |         ^~~~
/home/abc/nhat/optee_examples/eevm_minimal_ta/external/openenclave/3rdparty/libcxx/libcxx/include/cstdlib:131:9: error: ‘_Exit’ has not been declared in ‘::’
  131 | using ::_Exit;
      |         ^~~~~
/home/abc/nhat/optee_examples/eevm_minimal_ta/external/openenclave/3rdparty/libcxx/libcxx/include/cstdlib:133:9: error: ‘getenv’ has not been declared in ‘::’
  133 | using ::getenv;
      |         ^~~~~~
/home/abc/nhat/optee_examples/eevm_minimal_ta/external/openenclave/3rdparty/libcxx/libcxx/include/cstdlib:134:9: error: ‘system’ has not been declared in ‘::’
  134 | using ::system;
      |         ^~~~~~
/home/abc/nhat/optee_examples/eevm_minimal_ta/external/openenclave/3rdparty/libcxx/libcxx/include/cstdlib:136:9: error: ‘bsearch’ has not been declared in ‘::’
  136 | using ::bsearch;
      |         ^~~~~~~
/home/abc/nhat/optee_examples/eevm_minimal_ta/external/openenclave/3rdparty/libcxx/libcxx/include/cstdlib:139:9: error: ‘labs’ has not been declared in ‘::’
  139 | using ::labs;
      |         ^~~~
/home/abc/nhat/optee_examples/eevm_minimal_ta/external/openenclave/3rdparty/libcxx/libcxx/include/cstdlib:141:9: error: ‘llabs’ has not been declared in ‘::’
  141 | using ::llabs;
      |         ^~~~~
/home/abc/nhat/optee_examples/eevm_minimal_ta/external/openenclave/3rdparty/libcxx/libcxx/include/cstdlib:143:9: error: ‘div’ has not been declared in ‘::’
  143 | using ::div;
      |         ^~~
/home/abc/nhat/optee_examples/eevm_minimal_ta/external/openenclave/3rdparty/libcxx/libcxx/include/cstdlib:144:9: error: ‘ldiv’ has not been declared in ‘::’
  144 | using ::ldiv;
      |         ^~~~
/home/abc/nhat/optee_examples/eevm_minimal_ta/external/openenclave/3rdparty/libcxx/libcxx/include/cstdlib:146:9: error: ‘lldiv’ has not been declared in ‘::’
  146 | using ::lldiv;
      |         ^~~~~
/home/abc/nhat/optee_examples/eevm_minimal_ta/external/openenclave/3rdparty/libcxx/libcxx/include/cstdlib:148:9: error: ‘mblen’ has not been declared in ‘::’
  148 | using ::mblen;
      |         ^~~~~
/home/abc/nhat/optee_examples/eevm_minimal_ta/external/openenclave/3rdparty/libcxx/libcxx/include/cstdlib:149:9: error: ‘mbtowc’ has not been declared in ‘::’
  149 | using ::mbtowc;
      |         ^~~~~~
/home/abc/nhat/optee_examples/eevm_minimal_ta/external/openenclave/3rdparty/libcxx/libcxx/include/cstdlib:150:9: error: ‘wctomb’ has not been declared in ‘::’
  150 | using ::wctomb;
      |         ^~~~~~
/home/abc/nhat/optee_examples/eevm_minimal_ta/external/openenclave/3rdparty/libcxx/libcxx/include/cstdlib:151:9: error: ‘mbstowcs’ has not been declared in ‘::’
  151 | using ::mbstowcs;
      |         ^~~~~~~~
/home/abc/nhat/optee_examples/eevm_minimal_ta/external/openenclave/3rdparty/libcxx/libcxx/include/cstdlib:152:9: error: ‘wcstombs’ has not been declared in ‘::’
  152 | using ::wcstombs;
      |         ^~~~~~~~
/home/abc/nhat/optee_examples/eevm_minimal_ta/external/openenclave/3rdparty/libcxx/libcxx/include/cstdlib:154:9: error: ‘at_quick_exit’ has not been declared in ‘::’
  154 | using ::at_quick_exit;
      |         ^~~~~~~~~~~~~
/home/abc/nhat/optee_examples/eevm_minimal_ta/external/openenclave/3rdparty/libcxx/libcxx/include/cstdlib:155:9: error: ‘quick_exit’ has not been declared in ‘::’
  155 | using ::quick_exit;
      |         ^~~~~~~~~~
/home/abc/nhat/optee_examples/eevm_minimal_ta/external/openenclave/3rdparty/libcxx/libcxx/include/cstdlib:158:9: error: ‘aligned_alloc’ has not been declared in ‘::’
  158 | using ::aligned_alloc;
      |         ^~~~~~~~~~~~~
In file included from /home/abc/nhat/optee_examples/eevm_minimal_ta/external/openenclave/3rdparty/libcxx/libcxx/include/__debug:26:
/home/abc/nhat/optee_examples/eevm_minimal_ta/external/openenclave/3rdparty/libcxx/libcxx/include/cstdio:108:9: error: ‘fpos_t’ has not been declared in ‘::’
  108 | using ::fpos_t;
      |         ^~~~~~
/home/abc/nhat/optee_examples/eevm_minimal_ta/external/openenclave/3rdparty/libcxx/libcxx/include/cstdio:111:9: error: ‘fclose’ has not been declared in ‘::’
  111 | using ::fclose;
      |         ^~~~~~
/home/abc/nhat/optee_examples/eevm_minimal_ta/external/openenclave/3rdparty/libcxx/libcxx/include/cstdio:112:9: error: ‘fflush’ has not been declared in ‘::’
  112 | using ::fflush;
      |         ^~~~~~
/home/abc/nhat/optee_examples/eevm_minimal_ta/external/openenclave/3rdparty/libcxx/libcxx/include/cstdio:113:9: error: ‘setbuf’ has not been declared in ‘::’
  113 | using ::setbuf;
      |         ^~~~~~
/home/abc/nhat/optee_examples/eevm_minimal_ta/external/openenclave/3rdparty/libcxx/libcxx/include/cstdio:114:9: error: ‘setvbuf’ has not been declared in ‘::’
  114 | using ::setvbuf;
      |         ^~~~~~~
/home/abc/nhat/optee_examples/eevm_minimal_ta/external/openenclave/3rdparty/libcxx/libcxx/include/cstdio:115:9: error: ‘fprintf’ has not been declared in ‘::’
  115 | using ::fprintf;
      |         ^~~~~~~
/home/abc/nhat/optee_examples/eevm_minimal_ta/external/openenclave/3rdparty/libcxx/libcxx/include/cstdio:116:9: error: ‘fscanf’ has not been declared in ‘::’
  116 | using ::fscanf;
      |         ^~~~~~
/home/abc/nhat/optee_examples/eevm_minimal_ta/external/openenclave/3rdparty/libcxx/libcxx/include/cstdio:119:9: error: ‘sscanf’ has not been declared in ‘::’
  119 | using ::sscanf;
      |         ^~~~~~
/home/abc/nhat/optee_examples/eevm_minimal_ta/external/openenclave/3rdparty/libcxx/libcxx/include/cstdio:120:9: error: ‘vfprintf’ has not been declared in ‘::’
  120 | using ::vfprintf;
      |         ^~~~~~~~
/home/abc/nhat/optee_examples/eevm_minimal_ta/external/openenclave/3rdparty/libcxx/libcxx/include/cstdio:121:9: error: ‘vfscanf’ has not been declared in ‘::’
  121 | using ::vfscanf;
      |         ^~~~~~~
/home/abc/nhat/optee_examples/eevm_minimal_ta/external/openenclave/3rdparty/libcxx/libcxx/include/cstdio:122:9: error: ‘vsscanf’ has not been declared in ‘::’
  122 | using ::vsscanf;
      |         ^~~~~~~
/home/abc/nhat/optee_examples/eevm_minimal_ta/external/openenclave/3rdparty/libcxx/libcxx/include/cstdio:124:9: error: ‘vsprintf’ has not been declared in ‘::’
  124 | using ::vsprintf;
      |         ^~~~~~~~
/home/abc/nhat/optee_examples/eevm_minimal_ta/external/openenclave/3rdparty/libcxx/libcxx/include/cstdio:125:9: error: ‘fgetc’ has not been declared in ‘::’
  125 | using ::fgetc;
      |         ^~~~~
/home/abc/nhat/optee_examples/eevm_minimal_ta/external/openenclave/3rdparty/libcxx/libcxx/include/cstdio:126:9: error: ‘fgets’ has not been declared in ‘::’
  126 | using ::fgets;
      |         ^~~~~
/home/abc/nhat/optee_examples/eevm_minimal_ta/external/openenclave/3rdparty/libcxx/libcxx/include/cstdio:129:9: error: ‘getc’ has not been declared in ‘::’
  129 | using ::getc;
      |         ^~~~
/home/abc/nhat/optee_examples/eevm_minimal_ta/external/openenclave/3rdparty/libcxx/libcxx/include/cstdio:130:9: error: ‘putc’ has not been declared in ‘::’
  130 | using ::putc;
      |         ^~~~
/home/abc/nhat/optee_examples/eevm_minimal_ta/external/openenclave/3rdparty/libcxx/libcxx/include/cstdio:131:9: error: ‘ungetc’ has not been declared in ‘::’
  131 | using ::ungetc;
      |         ^~~~~~
/home/abc/nhat/optee_examples/eevm_minimal_ta/external/openenclave/3rdparty/libcxx/libcxx/include/cstdio:132:9: error: ‘fread’ has not been declared in ‘::’
  132 | using ::fread;
      |         ^~~~~
/home/abc/nhat/optee_examples/eevm_minimal_ta/external/openenclave/3rdparty/libcxx/libcxx/include/cstdio:134:9: error: ‘fgetpos’ has not been declared in ‘::’
  134 | using ::fgetpos;
      |         ^~~~~~~
/home/abc/nhat/optee_examples/eevm_minimal_ta/external/openenclave/3rdparty/libcxx/libcxx/include/cstdio:135:9: error: ‘fseek’ has not been declared in ‘::’
  135 | using ::fseek;
      |         ^~~~~
/home/abc/nhat/optee_examples/eevm_minimal_ta/external/openenclave/3rdparty/libcxx/libcxx/include/cstdio:136:9: error: ‘fsetpos’ has not been declared in ‘::’
  136 | using ::fsetpos;
      |         ^~~~~~~
/home/abc/nhat/optee_examples/eevm_minimal_ta/external/openenclave/3rdparty/libcxx/libcxx/include/cstdio:137:9: error: ‘ftell’ has not been declared in ‘::’
  137 | using ::ftell;
      |         ^~~~~
/home/abc/nhat/optee_examples/eevm_minimal_ta/external/openenclave/3rdparty/libcxx/libcxx/include/cstdio:138:9: error: ‘rewind’ has not been declared in ‘::’
  138 | using ::rewind;
      |         ^~~~~~
/home/abc/nhat/optee_examples/eevm_minimal_ta/external/openenclave/3rdparty/libcxx/libcxx/include/cstdio:139:9: error: ‘clearerr’ has not been declared in ‘::’
  139 | using ::clearerr;
      |         ^~~~~~~~
/home/abc/nhat/optee_examples/eevm_minimal_ta/external/openenclave/3rdparty/libcxx/libcxx/include/cstdio:140:9: error: ‘feof’ has not been declared in ‘::’
  140 | using ::feof;
      |         ^~~~
/home/abc/nhat/optee_examples/eevm_minimal_ta/external/openenclave/3rdparty/libcxx/libcxx/include/cstdio:141:9: error: ‘ferror’ has not been declared in ‘::’
  141 | using ::ferror;
      |         ^~~~~~
/home/abc/nhat/optee_examples/eevm_minimal_ta/external/openenclave/3rdparty/libcxx/libcxx/include/cstdio:142:9: error: ‘perror’ has not been declared in ‘::’
  142 | using ::perror;
      |         ^~~~~~
/home/abc/nhat/optee_examples/eevm_minimal_ta/external/openenclave/3rdparty/libcxx/libcxx/include/cstdio:145:9: error: ‘fopen’ has not been declared in ‘::’
  145 | using ::fopen;
      |         ^~~~~
/home/abc/nhat/optee_examples/eevm_minimal_ta/external/openenclave/3rdparty/libcxx/libcxx/include/cstdio:146:9: error: ‘freopen’ has not been declared in ‘::’
  146 | using ::freopen;
      |         ^~~~~~~
/home/abc/nhat/optee_examples/eevm_minimal_ta/external/openenclave/3rdparty/libcxx/libcxx/include/cstdio:147:9: error: ‘remove’ has not been declared in ‘::’
  147 | using ::remove;
      |         ^~~~~~
/home/abc/nhat/optee_examples/eevm_minimal_ta/external/openenclave/3rdparty/libcxx/libcxx/include/cstdio:148:9: error: ‘rename’ has not been declared in ‘::’
  148 | using ::rename;
      |         ^~~~~~
/home/abc/nhat/optee_examples/eevm_minimal_ta/external/openenclave/3rdparty/libcxx/libcxx/include/cstdio:149:9: error: ‘tmpfile’ has not been declared in ‘::’
  149 | using ::tmpfile;
      |         ^~~~~~~
/home/abc/nhat/optee_examples/eevm_minimal_ta/external/openenclave/3rdparty/libcxx/libcxx/include/cstdio:150:9: error: ‘tmpnam’ has not been declared in ‘::’
  150 | using ::tmpnam;
      |         ^~~~~~
/home/abc/nhat/optee_examples/eevm_minimal_ta/external/openenclave/3rdparty/libcxx/libcxx/include/cstdio:154:9: error: ‘getchar’ has not been declared in ‘::’
  154 | using ::getchar;
      |         ^~~~~~~
/home/abc/nhat/optee_examples/eevm_minimal_ta/external/openenclave/3rdparty/libcxx/libcxx/include/cstdio:158:9: error: ‘scanf’ has not been declared in ‘::’
  158 | using ::scanf;
      |         ^~~~~
/home/abc/nhat/optee_examples/eevm_minimal_ta/external/openenclave/3rdparty/libcxx/libcxx/include/cstdio:159:9: error: ‘vscanf’ has not been declared in ‘::’
  159 | using ::vscanf;
      |         ^~~~~~
/home/abc/nhat/optee_examples/eevm_minimal_ta/external/openenclave/3rdparty/libcxx/libcxx/include/cstdio:166:9: error: ‘vprintf’ has not been declared in ‘::’
  166 | using ::vprintf;
      |         ^~~~~~~
In file included from /home/abc/nhat/optee_examples/eevm_minimal_ta/external/openenclave/3rdparty/libcxx/libcxx/include/algorithm:641,
                 from /home/abc/nhat/optee_examples/eevm_minimal_ta/external/openenclave/3rdparty/libcxx/libcxx/include/__bit_reference:15:
/home/abc/nhat/optee_examples/eevm_minimal_ta/external/openenclave/3rdparty/libcxx/libcxx/include/cstring:73:9: error: ‘strcat’ has not been declared in ‘::’
   73 | using ::strcat;
      |         ^~~~~~
/home/abc/nhat/optee_examples/eevm_minimal_ta/external/openenclave/3rdparty/libcxx/libcxx/include/cstring:74:9: error: ‘strncat’ has not been declared in ‘::’
   74 | using ::strncat;
      |         ^~~~~~~
/home/abc/nhat/optee_examples/eevm_minimal_ta/external/openenclave/3rdparty/libcxx/libcxx/include/cstring:78:9: error: ‘strcoll’ has not been declared in ‘::’
   78 | using ::strcoll;
      |         ^~~~~~~
/home/abc/nhat/optee_examples/eevm_minimal_ta/external/openenclave/3rdparty/libcxx/libcxx/include/cstring:79:9: error: ‘strxfrm’ has not been declared in ‘::’
   79 | using ::strxfrm;
      |         ^~~~~~~
/home/abc/nhat/optee_examples/eevm_minimal_ta/external/openenclave/3rdparty/libcxx/libcxx/include/cstring:82:9: error: ‘strcspn’ has not been declared in ‘::’
   82 | using ::strcspn;
      |         ^~~~~~~
/home/abc/nhat/optee_examples/eevm_minimal_ta/external/openenclave/3rdparty/libcxx/libcxx/include/cstring:83:9: error: ‘strpbrk’ has not been declared in ‘::’
   83 | using ::strpbrk;
      |         ^~~~~~~
/home/abc/nhat/optee_examples/eevm_minimal_ta/external/openenclave/3rdparty/libcxx/libcxx/include/cstring:85:9: error: ‘strspn’ has not been declared in ‘::’
   85 | using ::strspn;
      |         ^~~~~~
/home/abc/nhat/optee_examples/eevm_minimal_ta/external/openenclave/3rdparty/libcxx/libcxx/include/cstring:88:9: error: ‘strtok’ has not been declared in ‘::’
   88 | using ::strtok;
      |         ^~~~~~
/home/abc/nhat/optee_examples/eevm_minimal_ta/external/openenclave/3rdparty/libcxx/libcxx/include/cstring:91:9: error: ‘strerror’ has not been declared in ‘::’
   91 | using ::strerror;
      |         ^~~~~~~~
In file included from /home/abc/nhat/optee_examples/eevm_minimal_ta/external/openenclave/3rdparty/libcxx/libcxx/include/algorithm:642:
/home/abc/nhat/optee_examples/eevm_minimal_ta/external/openenclave/3rdparty/libcxx/libcxx/include/utility: In member function ‘_Size std::__1::__murmur2_or_cityhash<_Size, 32>::operator()(const void*, _Size)’:
/home/abc/nhat/optee_examples/eevm_minimal_ta/external/openenclave/3rdparty/libcxx/libcxx/include/utility:998:33: error: expected unqualified-id before ‘=’ token
  998 |     const unsigned char* __data = static_cast<const unsigned char*>(__key);
      |                                 ^
In file included from /home/abc/optee_os/out/arm-plat-rpi5/export-ta_arm64/include/stdlib.h:14,
                 from /home/abc/nhat/optee_examples/eevm_minimal_ta/external/openenclave/3rdparty/libcxx/libcxx/include/cstdlib:85:
/home/abc/nhat/optee_examples/eevm_minimal_ta/external/openenclave/3rdparty/libcxx/libcxx/include/utility:999:24: error: expected primary-expression before ‘__attribute__’
  999 |     for (; __len >= 4; __data += 4, __len -= 4)
      |                        ^~~~~~
/home/abc/nhat/optee_examples/eevm_minimal_ta/external/openenclave/3rdparty/libcxx/libcxx/include/utility:999:23: error: expected ‘)’ before ‘__attribute__’
  999 |     for (; __len >= 4; __data += 4, __len -= 4)
      |         ~             ^
      |                       )
/home/abc/nhat/optee_examples/eevm_minimal_ta/external/openenclave/3rdparty/libcxx/libcxx/include/utility:999:31: error: expected primary-expression before ‘+=’ token
  999 |     for (; __len >= 4; __data += 4, __len -= 4)
      |                               ^~
/home/abc/nhat/optee_examples/eevm_minimal_ta/external/openenclave/3rdparty/libcxx/libcxx/include/utility:999:47: error: expected ‘;’ before ‘)’ token
  999 |     for (; __len >= 4; __data += 4, __len -= 4)
      |                                               ^
      |                                               ;
/home/abc/nhat/optee_examples/eevm_minimal_ta/external/openenclave/3rdparty/libcxx/libcxx/include/utility:1011:16: error: expected primary-expression before ‘__attribute__’
 1011 |         __h ^= __data[2] << 16;
      |                ^~~~~~
/home/abc/nhat/optee_examples/eevm_minimal_ta/external/openenclave/3rdparty/libcxx/libcxx/include/utility:1014:16: error: expected primary-expression before ‘__attribute__’
 1014 |         __h ^= __data[1] << 8;
      |                ^~~~~~
/home/abc/nhat/optee_examples/eevm_minimal_ta/external/openenclave/3rdparty/libcxx/libcxx/include/utility:1017:16: error: expected primary-expression before ‘__attribute__’
 1017 |         __h ^= __data[0];
      |                ^~~~~~
