[0;32m============================================[0m
[0;32mBuild Complete Musl Libc (OpenEnclave List)[0m
[0;32m============================================[0m
[1;33mBuilding musl functions from OpenEnclave CMakeLists.txt...[0m
  Building math/aarch64/sqrt.o... [0;32mOK[0m
  Building math/aarch64/sqrtf.o... [0;32mOK[0m
  Building math/exp2l.o... [0;32mOK[0m
  Building string/memcpy.o... [0;32mOK[0m
  Building string/memmove.o... [0;32mOK[0m
  Building string/memset.o... [0;32mOK[0m
  Building complex/cabs.o... [0;32mOK[0m
  Building complex/cabsf.o... [0;32mOK[0m
  Building complex/cabsl.o... [0;32mOK[0m
  Building complex/cacos.o... [0;32mOK[0m
  Building complex/cacosf.o... [0;32mOK[0m
  Building complex/cacosh.o... [0;32mOK[0m
  Building complex/cacoshf.o... [0;32mOK[0m
  Building complex/cacoshl.o... [0;32mOK[0m
  Building complex/cacosl.o... [0;32mOK[0m
  Building complex/carg.o... [0;32mOK[0m
  Building complex/cargf.o... [0;32mOK[0m
  Building complex/cargl.o... [0;32mOK[0m
  Building complex/casin.o... [0;32mOK[0m
  Building complex/casinf.o... [0;32mOK[0m
  Building complex/casinh.o... [0;32mOK[0m
  Building complex/casinhf.o... [0;32mOK[0m
  Building complex/casinhl.o... [0;32mOK[0m
  Building complex/catan.o... [0;32mOK[0m
  Building complex/catanf.o... [0;32mOK[0m
  Building complex/catanh.o... [0;32mOK[0m
  Building complex/catanhf.o... [0;32mOK[0m
  Building complex/catanhl.o... [0;32mOK[0m
  Building complex/catanl.o... [0;32mOK[0m
  Building complex/ccos.o... [0;32mOK[0m
  Building complex/ccosf.o... [0;32mOK[0m
  Building complex/ccosh.o... [0;32mOK[0m
  Building complex/ccoshf.o... [0;32mOK[0m
  Building complex/ccoshl.o... [0;32mOK[0m
  Building complex/ccosl.o... [0;32mOK[0m
  Building complex/__cexp.o... [0;32mOK[0m
  Building complex/cexp.o... [0;32mOK[0m
  Building complex/__cexpf.o... [0;32mOK[0m
  Building complex/cexpf.o... [0;32mOK[0m
  Building complex/cexpl.o... [0;32mOK[0m
  Building complex/cimag.o... [0;32mOK[0m
  Building complex/cimagf.o... [0;32mOK[0m
  Building complex/cimagl.o... [0;32mOK[0m
  Building complex/clog.o... [0;32mOK[0m
  Building complex/clogf.o... [0;32mOK[0m
  Building complex/clogl.o... [0;32mOK[0m
  Building complex/conj.o... [0;32mOK[0m
  Building complex/conjf.o... [0;32mOK[0m
  Building complex/conjl.o... [0;32mOK[0m
  Building complex/cpow.o... [0;32mOK[0m
  Building complex/cpowf.o... [0;32mOK[0m
  Building complex/cpowl.o... [0;32mOK[0m
  Building complex/cproj.o... [0;32mOK[0m
  Building complex/cprojf.o... [0;32mOK[0m
  Building complex/cprojl.o... [0;32mOK[0m
  Building complex/creal.o... [0;32mOK[0m
  Building complex/crealf.o... [0;32mOK[0m
  Building complex/creall.o... [0;32mOK[0m
  Building complex/csin.o... [0;32mOK[0m
  Building complex/csinf.o... [0;32mOK[0m
  Building complex/csinh.o... [0;32mOK[0m
  Building complex/csinhf.o... [0;32mOK[0m
  Building complex/csinhl.o... [0;32mOK[0m
  Building complex/csinl.o... [0;32mOK[0m
  Building complex/csqrt.o... [0;32mOK[0m
  Building complex/csqrtf.o... [0;32mOK[0m
  Building complex/csqrtl.o... [0;32mOK[0m
  Building complex/ctan.o... [0;32mOK[0m
  Building complex/ctanf.o... [0;32mOK[0m
  Building complex/ctanh.o... [0;32mOK[0m
  Building complex/ctanhf.o... [0;32mOK[0m
  Building complex/ctanhl.o... [0;32mOK[0m
  Building complex/ctanl.o... [0;32mOK[0m
  Building conf/confstr.o... [0;32mOK[0m
  Building conf/fpathconf.o... [0;32mOK[0m
  Building conf/legacy.o... [0;32mOK[0m
  Building conf/pathconf.o... [0;32mOK[0m
  Building conf/sysconf.o... [0;32mOK[0m
  Building ctype/__ctype_b_loc.o... [0;32mOK[0m
  Building ctype/__ctype_get_mb_cur_max.o... [1;33mFAIL[0m
  Building ctype/__ctype_tolower_loc.o... [0;32mOK[0m
  Building ctype/__ctype_toupper_loc.o... [0;32mOK[0m
  Building ctype/isalnum.o... [0;32mOK[0m
  Building ctype/isalpha.o... [0;32mOK[0m
  Building ctype/isascii.o... [0;32mOK[0m
  Building ctype/isblank.o... [0;32mOK[0m
  Building ctype/iscntrl.o... [0;32mOK[0m
  Building ctype/isdigit.o... [0;32mOK[0m
  Building ctype/isgraph.o... [0;32mOK[0m
  Building ctype/islower.o... [0;32mOK[0m
  Building ctype/isprint.o... [0;32mOK[0m
  Building ctype/ispunct.o... [0;32mOK[0m
  Building ctype/isspace.o... [0;32mOK[0m
  Building ctype/isupper.o... [0;32mOK[0m
  Building ctype/iswalnum.o... [0;32mOK[0m
  Building ctype/iswalpha.o... [0;32mOK[0m
  Building ctype/iswblank.o... [0;32mOK[0m
  Building ctype/iswcntrl.o... [0;32mOK[0m
  Building ctype/iswctype.o... [0;32mOK[0m
  Building ctype/iswdigit.o... [0;32mOK[0m
  Building ctype/iswgraph.o... [0;32mOK[0m
  Building ctype/iswlower.o... [0;32mOK[0m
  Building ctype/iswprint.o... [0;32mOK[0m
  Building ctype/iswpunct.o... [0;32mOK[0m
  Building ctype/iswspace.o... [0;32mOK[0m
  Building ctype/iswupper.o... [0;32mOK[0m
  Building ctype/iswxdigit.o... [0;32mOK[0m
  Building ctype/isxdigit.o... [0;32mOK[0m
  Building ctype/toascii.o... [0;32mOK[0m
  Building ctype/tolower.o... [0;32mOK[0m
  Building ctype/toupper.o... [0;32mOK[0m
  Building ctype/towctrans.o... [0;32mOK[0m
  Building ctype/wcswidth.o... [0;32mOK[0m
  Building ctype/wctrans.o... [0;32mOK[0m
  Building ctype/wcwidth.o... [0;32mOK[0m
  Building env/clearenv.o... [0;32mOK[0m
  Building env/__environ.o... [0;32mOK[0m
  Building env/getenv.o... [0;32mOK[0m
  Building env/putenv.o... [0;32mOK[0m
  Building env/setenv.o... [0;32mOK[0m
  Building env/unsetenv.o... [0;32mOK[0m
  Building exit/assert.o... [0;32mOK[0m
  Building exit/_Exit.o... [0;32mOK[0m
  Building fenv/fegetexceptflag.o... [0;32mOK[0m
  Building fenv/feholdexcept.o... [0;32mOK[0m
  Building fenv/fesetexceptflag.o... [0;32mOK[0m
  Building fenv/fesetround.o... [0;32mOK[0m
  Building fenv/feupdateenv.o... [0;32mOK[0m
  Building fenv/__flt_rounds.o... [0;32mOK[0m
  Building internal/floatscan.o... [0;32mOK[0m
  Building internal/intscan.o... [0;32mOK[0m
  Building internal/libc.o... [0;32mOK[0m
  Building internal/procfdname.o... [0;32mOK[0m
  Building internal/shgetc.o... [0;32mOK[0m
  Building legacy/getpagesize.o... [0;32mOK[0m
  Building locale/bind_textdomain_codeset.o... [0;32mOK[0m
  Building locale/c_locale.o... [0;32mOK[0m
  Building locale/duplocale.o... [0;32mOK[0m
  Building locale/freelocale.o... [0;32mOK[0m
  Building locale/iconv.o... [1;33mFAIL[0m
  Building locale/iconv_close.o... [0;32mOK[0m
  Building locale/langinfo.o... [1;33mFAIL[0m
  Building locale/__lctrans.o... [1;33mFAIL[0m
  Building locale/localeconv.o... [0;32mOK[0m
  Building locale/locale_map.o... [0;32mOK[0m
  Building locale/__mo_lookup.o... [0;32mOK[0m
  Building locale/newlocale.o... [0;32mOK[0m
  Building locale/pleval.o... [0;32mOK[0m
  Building locale/setlocale.o... [0;32mOK[0m
  Building locale/strcoll.o... [1;33mFAIL[0m
  Building locale/strfmon.o... [1;33mFAIL[0m
  Building locale/strxfrm.o... [1;33mFAIL[0m
  Building locale/textdomain.o... [0;32mOK[0m
  Building locale/uselocale.o... [1;33mFAIL[0m
  Building locale/wcscoll.o... [1;33mFAIL[0m
  Building locale/wcsxfrm.o... [1;33mFAIL[0m
  Building math/acos.o... [0;32mOK[0m
  Building math/acosf.o... [0;32mOK[0m
  Building math/acosh.o... [0;32mOK[0m
  Building math/acoshf.o... [0;32mOK[0m
  Building math/acoshl.o... [0;32mOK[0m
  Building math/asin.o... [0;32mOK[0m
  Building math/asinf.o... [0;32mOK[0m
  Building math/asinh.o... [0;32mOK[0m
  Building math/asinhf.o... [0;32mOK[0m
  Building math/asinhl.o... [0;32mOK[0m
  Building math/atan2.o... [0;32mOK[0m
  Building math/atan2f.o... [0;32mOK[0m
  Building math/atan2l.o... [0;32mOK[0m
  Building math/atan.o... [0;32mOK[0m
  Building math/atanf.o... [0;32mOK[0m
  Building math/atanh.o... [0;32mOK[0m
  Building math/atanhf.o... [0;32mOK[0m
  Building math/atanhl.o... [0;32mOK[0m
  Building math/atanl.o... [0;32mOK[0m
  Building math/cbrt.o... [0;32mOK[0m
  Building math/cbrtf.o... [0;32mOK[0m
  Building math/cbrtl.o... [0;32mOK[0m
  Building math/ceil.o... [0;32mOK[0m
  Building math/ceilf.o... [0;32mOK[0m
  Building math/ceill.o... [0;32mOK[0m
  Building math/copysign.o... [0;32mOK[0m
  Building math/copysignf.o... [0;32mOK[0m
  Building math/copysignl.o... [0;32mOK[0m
  Building math/__cos.o... [0;32mOK[0m
  Building math/cos.o... [0;32mOK[0m
  Building math/__cosdf.o... [0;32mOK[0m
  Building math/cosf.o... [0;32mOK[0m
  Building math/cosh.o... [0;32mOK[0m
  Building math/coshf.o... [0;32mOK[0m
  Building math/coshl.o... [0;32mOK[0m
  Building math/__cosl.o... [0;32mOK[0m
  Building math/cosl.o... [0;32mOK[0m
  Building math/erf.o... [0;32mOK[0m
  Building math/erff.o... [0;32mOK[0m
  Building math/erfl.o... [0;32mOK[0m
  Building math/exp10.o... [0;32mOK[0m
  Building math/exp10f.o... [0;32mOK[0m
  Building math/exp10l.o... [0;32mOK[0m
  Building math/exp2.o... [0;32mOK[0m
  Building math/exp2f.o... [0;32mOK[0m
  Building math/exp.o... [0;32mOK[0m
  Building math/expf.o... [0;32mOK[0m
  Building math/expl.o... [0;32mOK[0m
  Building math/expm1.o... [0;32mOK[0m
  Building math/expm1f.o... [0;32mOK[0m
  Building math/expm1l.o... [0;32mOK[0m
  Building math/__expo2.o... [0;32mOK[0m
  Building math/__expo2f.o... [0;32mOK[0m
  Building math/fabs.o... [0;32mOK[0m
  Building math/fabsf.o... [0;32mOK[0m
  Building math/fabsl.o... [0;32mOK[0m
  Building math/fdim.o... [0;32mOK[0m
  Building math/fdimf.o... [0;32mOK[0m
  Building math/fdiml.o... [0;32mOK[0m
  Building math/finite.o... [0;32mOK[0m
  Building math/finitef.o... [0;32mOK[0m
  Building math/floor.o... [0;32mOK[0m
  Building math/floorf.o... [0;32mOK[0m
  Building math/floorl.o... [0;32mOK[0m
  Building math/fma.o... [0;32mOK[0m
  Building math/fmaf.o... [0;32mOK[0m
  Building math/fmal.o... [0;32mOK[0m
  Building math/fmax.o... [0;32mOK[0m
  Building math/fmaxf.o... [0;32mOK[0m
  Building math/fmaxl.o... [0;32mOK[0m
  Building math/fmin.o... [0;32mOK[0m
  Building math/fminf.o... [0;32mOK[0m
  Building math/fminl.o... [0;32mOK[0m
  Building math/fmod.o... [0;32mOK[0m
  Building math/fmodf.o... [0;32mOK[0m
  Building math/fmodl.o... [0;32mOK[0m
  Building math/__fpclassify.o... [0;32mOK[0m
  Building math/__fpclassifyf.o... [0;32mOK[0m
  Building math/__fpclassifyl.o... [0;32mOK[0m
  Building math/frexp.o... [0;32mOK[0m
  Building math/frexpf.o... [0;32mOK[0m
  Building math/frexpl.o... [0;32mOK[0m
  Building math/hypot.o... [0;32mOK[0m
  Building math/hypotf.o... [0;32mOK[0m
  Building math/hypotl.o... [0;32mOK[0m
  Building math/ilogb.o... [0;32mOK[0m
  Building math/ilogbf.o... [0;32mOK[0m
  Building math/ilogbl.o... [0;32mOK[0m
  Building math/__invtrigl.o... [0;32mOK[0m
  Building math/j0.o... [0;32mOK[0m
  Building math/j0f.o... [0;32mOK[0m
  Building math/j1.o... [0;32mOK[0m
  Building math/j1f.o... [0;32mOK[0m
  Building math/jn.o... [0;32mOK[0m
  Building math/jnf.o... [0;32mOK[0m
  Building math/ldexp.o... [0;32mOK[0m
  Building math/ldexpf.o... [0;32mOK[0m
  Building math/ldexpl.o... [0;32mOK[0m
  Building math/lgamma.o... [0;32mOK[0m
  Building math/lgammaf.o... [0;32mOK[0m
  Building math/lgammaf_r.o... [0;32mOK[0m
  Building math/lgammal.o... [0;32mOK[0m
  Building math/lgamma_r.o... [0;32mOK[0m
  Building math/llrint.o... [0;32mOK[0m
  Building math/llrintf.o... [0;32mOK[0m
  Building math/llrintl.o... [0;32mOK[0m
  Building math/llround.o... [0;32mOK[0m
  Building math/llroundf.o... [0;32mOK[0m
  Building math/llroundl.o... [0;32mOK[0m
  Building math/log10.o... [0;32mOK[0m
  Building math/log10f.o... [0;32mOK[0m
  Building math/log10l.o... [0;32mOK[0m
  Building math/log1p.o... [0;32mOK[0m
  Building math/log1pf.o... [0;32mOK[0m
  Building math/log2.o... [0;32mOK[0m
  Building math/log2f.o... [0;32mOK[0m
  Building math/logb.o... [0;32mOK[0m
  Building math/logbf.o... [0;32mOK[0m
  Building math/logbl.o... [0;32mOK[0m
  Building math/log.o... [0;32mOK[0m
  Building math/logf.o... [0;32mOK[0m
  Building math/lrint.o... [0;32mOK[0m
  Building math/lrintf.o... [0;32mOK[0m
  Building math/lrintl.o... [0;32mOK[0m
  Building math/lround.o... [0;32mOK[0m
  Building math/lroundf.o... [0;32mOK[0m
  Building math/lroundl.o... [0;32mOK[0m
  Building math/modf.o... [0;32mOK[0m
  Building math/modff.o... [0;32mOK[0m
  Building math/modfl.o... [0;32mOK[0m
  Building math/nan.o... [0;32mOK[0m
  Building math/nanf.o... [0;32mOK[0m
  Building math/nanl.o... [0;32mOK[0m
  Building math/nearbyint.o... [0;32mOK[0m
  Building math/nearbyintf.o... [0;32mOK[0m
  Building math/nearbyintl.o... [0;32mOK[0m
  Building math/nextafter.o... [0;32mOK[0m
  Building math/nextafterf.o... [0;32mOK[0m
  Building math/nextafterl.o... [0;32mOK[0m
  Building math/nexttoward.o... [0;32mOK[0m
  Building math/nexttowardf.o... [0;32mOK[0m
  Building math/nexttowardl.o... [0;32mOK[0m
  Building math/__polevll.o... [0;32mOK[0m
  Building math/pow.o... [0;32mOK[0m
  Building math/powf.o... [0;32mOK[0m
  Building math/powl.o... [0;32mOK[0m
  Building math/remainder.o... [0;32mOK[0m
  Building math/remainderf.o... [0;32mOK[0m
  Building math/remainderl.o... [0;32mOK[0m
  Building math/__rem_pio2.o... [0;32mOK[0m
  Building math/__rem_pio2f.o... [0;32mOK[0m
  Building math/__rem_pio2_large.o... [0;32mOK[0m
  Building math/__rem_pio2l.o... [0;32mOK[0m
  Building math/remquo.o... [0;32mOK[0m
  Building math/remquof.o... [0;32mOK[0m
  Building math/remquol.o... [0;32mOK[0m
  Building math/rint.o... [0;32mOK[0m
  Building math/rintf.o... [0;32mOK[0m
  Building math/rintl.o... [0;32mOK[0m
  Building math/round.o... [0;32mOK[0m
  Building math/roundf.o... [0;32mOK[0m
  Building math/roundl.o... [0;32mOK[0m
  Building math/scalb.o... [0;32mOK[0m
  Building math/scalbf.o... [0;32mOK[0m
  Building math/scalbln.o... [0;32mOK[0m
  Building math/scalblnf.o... [0;32mOK[0m
  Building math/scalblnl.o... [0;32mOK[0m
  Building math/scalbn.o... [0;32mOK[0m
  Building math/scalbnf.o... [0;32mOK[0m
  Building math/scalbnl.o... [0;32mOK[0m
  Building math/__signbit.o... [0;32mOK[0m
  Building math/__signbitf.o... [0;32mOK[0m
  Building math/__signbitl.o... [0;32mOK[0m
  Building math/signgam.o... [0;32mOK[0m
  Building math/significand.o... [0;32mOK[0m
  Building math/significandf.o... [0;32mOK[0m
  Building math/__sin.o... [0;32mOK[0m
  Building math/sin.o... [0;32mOK[0m
  Building math/sincos.o... [0;32mOK[0m
  Building math/sincosf.o... [0;32mOK[0m
  Building math/sincosl.o... [0;32mOK[0m
  Building math/__sindf.o... [0;32mOK[0m
  Building math/sinf.o... [0;32mOK[0m
  Building math/sinh.o... [0;32mOK[0m
  Building math/sinhf.o... [0;32mOK[0m
  Building math/sinhl.o... [0;32mOK[0m
  Building math/__sinl.o... [0;32mOK[0m
  Building math/sinl.o... [0;32mOK[0m
  Building math/__tan.o... [0;32mOK[0m
  Building math/tan.o... [0;32mOK[0m
  Building math/__tandf.o... [0;32mOK[0m
  Building math/tanf.o... [0;32mOK[0m
  Building math/tanh.o... [0;32mOK[0m
  Building math/tanhf.o... [0;32mOK[0m
  Building math/tanhl.o... [0;32mOK[0m
  Building math/__tanl.o... [0;32mOK[0m
  Building math/tanl.o... [0;32mOK[0m
  Building math/tgamma.o... [0;32mOK[0m
  Building math/tgammaf.o... [0;32mOK[0m
  Building math/tgammal.o... [0;32mOK[0m
  Building math/trunc.o... [0;32mOK[0m
  Building math/truncf.o... [0;32mOK[0m
  Building math/truncl.o... [0;32mOK[0m
  Building misc/a64l.o... [0;32mOK[0m
  Building misc/basename.o... [0;32mOK[0m
  Building misc/dirname.o... [0;32mOK[0m
  Building misc/ffs.o... [0;32mOK[0m
  Building misc/ffsl.o... [0;32mOK[0m
  Building misc/ffsll.o... [0;32mOK[0m
  Building misc/get_current_dir_name.o... [0;32mOK[0m
  Building misc/getauxval.o... [0;32mOK[0m
  Building misc/getdomainname.o... [0;32mOK[0m
  Building misc/gethostid.o... [0;32mOK[0m
  Building misc/getopt.o... [0;32mOK[0m
  Building misc/getopt_long.o... [0;32mOK[0m
  Building misc/getsubopt.o... [0;32mOK[0m
  Building misc/issetugid.o... [0;32mOK[0m
  Building misc/uname.o... [0;32mOK[0m
  Building multibyte/btowc.o... [1;33mFAIL[0m
  Building multibyte/c16rtomb.o... [0;32mOK[0m
  Building multibyte/c32rtomb.o... [0;32mOK[0m
  Building multibyte/internal.o... [0;32mOK[0m
  Building multibyte/mblen.o... [0;32mOK[0m
  Building multibyte/mbrlen.o... [0;32mOK[0m
  Building multibyte/mbrtoc16.o... [0;32mOK[0m
  Building multibyte/mbrtoc32.o... [0;32mOK[0m
  Building multibyte/mbrtowc.o... [1;33mFAIL[0m
  Building multibyte/mbsinit.o... [0;32mOK[0m
  Building multibyte/mbsnrtowcs.o... [0;32mOK[0m
  Building multibyte/mbsrtowcs.o... [1;33mFAIL[0m
  Building multibyte/mbstowcs.o... [0;32mOK[0m
  Building multibyte/mbtowc.o... [1;33mFAIL[0m
  Building multibyte/wcrtomb.o... [1;33mFAIL[0m
  Building multibyte/wcsnrtombs.o... [0;32mOK[0m
  Building multibyte/wcsrtombs.o... [0;32mOK[0m
  Building multibyte/wcstombs.o... [0;32mOK[0m
  Building multibyte/wctob.o... [1;33mFAIL[0m
  Building multibyte/wctomb.o... [0;32mOK[0m
  Building prng/drand48.o... [0;32mOK[0m
  Building prng/lcong48.o... [0;32mOK[0m
  Building prng/lrand48.o... [0;32mOK[0m
  Building prng/mrand48.o... [0;32mOK[0m
  Building prng/__rand48_step.o... [0;32mOK[0m
  Building prng/rand.o... [0;32mOK[0m
  Building prng/random.o... [0;32mOK[0m
  Building prng/rand_r.o... [0;32mOK[0m
  Building prng/__seed48.o... [0;32mOK[0m
  Building prng/seed48.o... [0;32mOK[0m
  Building prng/srand48.o... [0;32mOK[0m
  Building regex/fnmatch.o... [1;33mFAIL[0m
  Building regex/regerror.o... [0;32mOK[0m
  Building search/hsearch.o... [0;32mOK[0m
  Building search/insque.o... [0;32mOK[0m
  Building search/lsearch.o... [0;32mOK[0m
  Building search/tdelete.o... [0;32mOK[0m
  Building search/tdestroy.o... [0;32mOK[0m
  Building search/tfind.o... [0;32mOK[0m
  Building search/tsearch.o... [0;32mOK[0m
  Building search/twalk.o... [0;32mOK[0m
  Building stdio/asprintf.o... [0;32mOK[0m
  Building stdio/clearerr.o... [0;32mOK[0m
  Building stdio/dprintf.o... [0;32mOK[0m
  Building stdio/ext2.o... [0;32mOK[0m
  Building stdio/ext.o... [0;32mOK[0m
  Building stdio/fclose.o... [0;32mOK[0m
  Building stdio/__fclose_ca.o... [0;32mOK[0m
  Building stdio/__fdopen.o... [0;32mOK[0m
  Building stdio/feof.o... [0;32mOK[0m
  Building stdio/ferror.o... [0;32mOK[0m
  Building stdio/fflush.o... [0;32mOK[0m
  Building stdio/fgetc.o... [1;33mFAIL[0m
  Building stdio/fgetln.o... [0;32mOK[0m
  Building stdio/fgetpos.o... [0;32mOK[0m
  Building stdio/fgets.o... [0;32mOK[0m
  Building stdio/fgetwc.o... [1;33mFAIL[0m
  Building stdio/fgetws.o... [0;32mOK[0m
  Building stdio/fileno.o... [0;32mOK[0m
  Building stdio/flockfile.o... [1;33mFAIL[0m
  Building stdio/fmemopen.o... [0;32mOK[0m
  Building stdio/__fmodeflags.o... [0;32mOK[0m
  Building stdio/fopen.o... [0;32mOK[0m
  Building stdio/fopencookie.o... [0;32mOK[0m
  Building stdio/__fopen_rb_ca.o... [0;32mOK[0m
  Building stdio/fprintf.o... [0;32mOK[0m
  Building stdio/fputc.o... [1;33mFAIL[0m
  Building stdio/fputs.o... [0;32mOK[0m
  Building stdio/fputwc.o... [1;33mFAIL[0m
  Building stdio/fputws.o... [1;33mFAIL[0m
  Building stdio/fread.o... [0;32mOK[0m
  Building stdio/freopen.o... [0;32mOK[0m
  Building stdio/fscanf.o... [0;32mOK[0m
  Building stdio/fseek.o... [0;32mOK[0m
  Building stdio/fsetpos.o... [0;32mOK[0m
  Building stdio/ftell.o... [0;32mOK[0m
  Building stdio/ftrylockfile.o... [1;33mFAIL[0m
  Building stdio/funlockfile.o... [0;32mOK[0m
  Building stdio/fwide.o... [1;33mFAIL[0m
  Building stdio/fwprintf.o... [0;32mOK[0m
  Building stdio/fwrite.o... [0;32mOK[0m
  Building stdio/fwscanf.o... [0;32mOK[0m
  Building stdio/getc.o... [1;33mFAIL[0m
  Building stdio/getchar.o... [1;33mFAIL[0m
  Building stdio/getchar_unlocked.o... [0;32mOK[0m
  Building stdio/getc_unlocked.o... [0;32mOK[0m
  Building stdio/getdelim.o... [0;32mOK[0m
  Building stdio/getline.o... [0;32mOK[0m
  Building stdio/gets.o... [0;32mOK[0m
  Building stdio/getw.o... [0;32mOK[0m
  Building stdio/getwc.o... [0;32mOK[0m
  Building stdio/getwchar.o... [0;32mOK[0m
  Building stdio/__lockfile.o... [1;33mFAIL[0m
  Building stdio/ofl_add.o... [0;32mOK[0m
  Building stdio/ofl.o... [0;32mOK[0m
  Building stdio/open_memstream.o... [0;32mOK[0m
  Building stdio/open_wmemstream.o... [0;32mOK[0m
  Building stdio/__overflow.o... [0;32mOK[0m
  Building stdio/perror.o... [0;32mOK[0m
  Building stdio/printf.o... [0;32mOK[0m
  Building stdio/putc.o... [1;33mFAIL[0m
  Building stdio/putchar.o... [1;33mFAIL[0m
  Building stdio/putchar_unlocked.o... [0;32mOK[0m
  Building stdio/putc_unlocked.o... [0;32mOK[0m
  Building stdio/puts.o... [0;32mOK[0m
  Building stdio/putw.o... [0;32mOK[0m
  Building stdio/putwc.o... [0;32mOK[0m
  Building stdio/putwchar.o... [0;32mOK[0m
  Building stdio/remove.o... [0;32mOK[0m
  Building stdio/rewind.o... [0;32mOK[0m
  Building stdio/scanf.o... [0;32mOK[0m
  Building stdio/setbuf.o... [0;32mOK[0m
  Building stdio/setbuffer.o... [0;32mOK[0m
  Building stdio/setlinebuf.o... [0;32mOK[0m
  Building stdio/setvbuf.o... [0;32mOK[0m
  Building stdio/snprintf.o... [0;32mOK[0m
  Building stdio/sprintf.o... [0;32mOK[0m
  Building stdio/sscanf.o... [0;32mOK[0m
  Building stdio/stderr.o... [0;32mOK[0m
  Building stdio/stdin.o... [0;32mOK[0m
  Building stdio/__stdio_close.o... [0;32mOK[0m
  Building stdio/__stdio_exit.o... [0;32mOK[0m
  Building stdio/__stdio_read.o... [0;32mOK[0m
  Building stdio/__stdio_seek.o... [0;32mOK[0m
  Building stdio/__stdio_write.o... [0;32mOK[0m
  Building stdio/stdout.o... [0;32mOK[0m
  Building stdio/__stdout_write.o... [0;32mOK[0m
  Building stdio/swprintf.o... [0;32mOK[0m
  Building stdio/swscanf.o... [0;32mOK[0m
  Building stdio/tempnam.o... [0;32mOK[0m
  Building stdio/__toread.o... [0;32mOK[0m
  Building stdio/__towrite.o... [0;32mOK[0m
  Building stdio/__uflow.o... [0;32mOK[0m
  Building stdio/ungetc.o... [0;32mOK[0m
  Building stdio/ungetwc.o... [1;33mFAIL[0m
  Building stdio/vasprintf.o... [0;32mOK[0m
  Building stdio/vdprintf.o... [0;32mOK[0m
  Building stdio/vfprintf.o... [0;32mOK[0m
  Building stdio/vfscanf.o... [0;32mOK[0m
  Building stdio/vfwprintf.o... [0;32mOK[0m
  Building stdio/vfwscanf.o... [0;32mOK[0m
  Building stdio/vprintf.o... [0;32mOK[0m
  Building stdio/vscanf.o... [0;32mOK[0m
  Building stdio/vsnprintf.o... [0;32mOK[0m
  Building stdio/vsprintf.o... [0;32mOK[0m
  Building stdio/vsscanf.o... [0;32mOK[0m
  Building stdio/vswprintf.o... [0;32mOK[0m
  Building stdio/vswscanf.o... [0;32mOK[0m
  Building stdio/vwprintf.o... [0;32mOK[0m
  Building stdio/vwscanf.o... [0;32mOK[0m
  Building stdio/wprintf.o... [0;32mOK[0m
  Building stdio/wscanf.o... [0;32mOK[0m
  Building stdlib/abs.o... [0;32mOK[0m
  Building stdlib/atof.o... [0;32mOK[0m
  Building stdlib/atoi.o... [0;32mOK[0m
  Building stdlib/atol.o... [0;32mOK[0m
  Building stdlib/atoll.o... [0;32mOK[0m
  Building stdlib/bsearch.o... [0;32mOK[0m
  Building stdlib/div.o... [0;32mOK[0m
  Building stdlib/ecvt.o... [0;32mOK[0m
  Building stdlib/fcvt.o... [0;32mOK[0m
  Building stdlib/gcvt.o... [0;32mOK[0m
  Building stdlib/imaxabs.o... [0;32mOK[0m
  Building stdlib/imaxdiv.o... [0;32mOK[0m
  Building stdlib/labs.o... [0;32mOK[0m
  Building stdlib/ldiv.o... [0;32mOK[0m
  Building stdlib/llabs.o... [0;32mOK[0m
  Building stdlib/lldiv.o... [0;32mOK[0m
  Building stdlib/qsort.o... [0;32mOK[0m
  Building stdlib/strtod.o... [0;32mOK[0m
  Building stdlib/strtol.o... [0;32mOK[0m
  Building stdlib/wcstod.o... [0;32mOK[0m
  Building stdlib/wcstol.o... [0;32mOK[0m
  Building string/bcmp.o... [0;32mOK[0m
  Building string/bcopy.o... [0;32mOK[0m
  Building string/bzero.o... [0;32mOK[0m
  Building string/explicit_bzero.o... [0;32mOK[0m
  Building string/index.o... [0;32mOK[0m
  Building string/memccpy.o... [0;32mOK[0m
  Building string/memchr.o... [0;32mOK[0m
  Building string/memcmp.o... [0;32mOK[0m
  Building string/memmem.o... [0;32mOK[0m
  Building string/mempcpy.o... [0;32mOK[0m
  Building string/memrchr.o... [0;32mOK[0m
  Building string/rindex.o... [0;32mOK[0m
  Building string/stpcpy.o... [0;32mOK[0m
  Building string/stpncpy.o... [0;32mOK[0m
  Building string/strcasecmp.o... [0;32mOK[0m
  Building string/strcasestr.o... [0;32mOK[0m
  Building string/strcat.o... [0;32mOK[0m
  Building string/strchr.o... [0;32mOK[0m
  Building string/strchrnul.o... [0;32mOK[0m
  Building string/strcmp.o... [0;32mOK[0m
  Building string/strcpy.o... [0;32mOK[0m
  Building string/strcspn.o... [0;32mOK[0m
  Building string/strdup.o... [0;32mOK[0m
  Building string/strerror_r.o... [0;32mOK[0m
  Building string/strlcat.o... [0;32mOK[0m
  Building string/strlcpy.o... [0;32mOK[0m
  Building string/strlen.o... [0;32mOK[0m
  Building string/strncasecmp.o... [0;32mOK[0m
  Building string/strncat.o... [0;32mOK[0m
  Building string/strncmp.o... [0;32mOK[0m
  Building string/strncpy.o... [0;32mOK[0m
  Building string/strndup.o... [0;32mOK[0m
  Building string/strnlen.o... [0;32mOK[0m
  Building string/strpbrk.o... [0;32mOK[0m
  Building string/strrchr.o... [0;32mOK[0m
  Building string/strsep.o... [0;32mOK[0m
  Building string/strsignal.o... [0;32mOK[0m
  Building string/strspn.o... [0;32mOK[0m
  Building string/strstr.o... [0;32mOK[0m
  Building string/strtok.o... [0;32mOK[0m
  Building string/strtok_r.o... [0;32mOK[0m
  Building string/strverscmp.o... [0;32mOK[0m
  Building string/swab.o... [0;32mOK[0m
  Building string/wcpcpy.o... [0;32mOK[0m
  Building string/wcpncpy.o... [0;32mOK[0m
  Building string/wcscasecmp.o... [0;32mOK[0m
  Building string/wcscasecmp_l.o... [0;32mOK[0m
  Building string/wcscat.o... [0;32mOK[0m
  Building string/wcschr.o... [0;32mOK[0m
  Building string/wcscmp.o... [0;32mOK[0m
  Building string/wcscpy.o... [0;32mOK[0m
  Building string/wcscspn.o... [0;32mOK[0m
  Building string/wcsdup.o... [0;32mOK[0m
  Building string/wcslen.o... [0;32mOK[0m
  Building string/wcsncasecmp.o... [0;32mOK[0m
  Building string/wcsncasecmp_l.o... [0;32mOK[0m
  Building string/wcsncat.o... [0;32mOK[0m
  Building string/wcsncmp.o... [0;32mOK[0m
  Building string/wcsncpy.o... [0;32mOK[0m
  Building string/wcsnlen.o... [0;32mOK[0m
  Building string/wcspbrk.o... [0;32mOK[0m
  Building string/wcsrchr.o... [0;32mOK[0m
  Building string/wcsspn.o... [0;32mOK[0m
  Building string/wcsstr.o... [0;32mOK[0m
  Building string/wcstok.o... [0;32mOK[0m
  Building string/wcswcs.o... [0;32mOK[0m
  Building string/wmemchr.o... [0;32mOK[0m
  Building string/wmemcmp.o... [0;32mOK[0m
  Building string/wmemcpy.o... [0;32mOK[0m
  Building string/wmemmove.o... [0;32mOK[0m
  Building string/wmemset.o... [0;32mOK[0m
  Building temp/mkdtemp.o... [0;32mOK[0m
  Building temp/mkostemp.o... [0;32mOK[0m
  Building temp/mkostemps.o... [0;32mOK[0m
  Building temp/mkstemp.o... [0;32mOK[0m
  Building temp/mkstemps.o... [0;32mOK[0m
  Building temp/mktemp.o... [0;32mOK[0m
  Building temp/__randname.o... [0;32mOK[0m
  Building time/asctime.o... [0;32mOK[0m
  Building time/asctime_r.o... [0;32mOK[0m
  Building time/ctime.o... [0;32mOK[0m
  Building time/ctime_r.o... [0;32mOK[0m
  Building time/difftime.o... [0;32mOK[0m
  Building time/ftime.o... [0;32mOK[0m
  Building time/gmtime.o... [0;32mOK[0m
  Building time/gmtime_r.o... [0;32mOK[0m
  Building time/localtime_r.o... [0;32mOK[0m
  Building time/localtime.o... [0;32mOK[0m
  Building time/__map_file.o... [0;32mOK[0m
  Building time/mktime.o... [0;32mOK[0m
  Building time/__month_to_secs.o... [0;32mOK[0m
  Building time/__secs_to_tm.o... [0;32mOK[0m
  Building time/strftime.o... [1;33mFAIL[0m
  Building time/strptime.o... [0;32mOK[0m
  Building time/time.o... [0;32mOK[0m
  Building time/timegm.o... [0;32mOK[0m
  Building time/timespec_get.o... [0;32mOK[0m
  Building time/__tm_to_secs.o... [0;32mOK[0m
  Building time/__tz.o... [0;32mOK[0m
  Building time/wcsftime.o... [1;33mFAIL[0m
  Building time/__year_to_secs.o... [0;32mOK[0m

[0;32m========== Build Summary ==========[0m
  Successfully built: 615
  Failed:             33
  Not found:          18
  Total objects:      615

[1;33mCreating libmusl_complete.a...[0m
[0;32m✓ libmusl_complete.a created (615 objects, 1.5M)[0m

Library file: build_oelibc_complete/libmusl_complete.a

[0;32mDone! Build thừa còn hơn thiếu! 😄[0m
