In file included from /home/abc/nhat/optee_examples/eevm_minimal_ta/build_oe_libs/libcxx/include/cstring:60,
                 from /home/abc/nhat/optee_examples/eevm_minimal_ta/build_oe_libs/libcxx/include/algorithm:641,
                 from /home/abc/nhat/optee_examples/eevm_minimal_ta/external/openenclave/3rdparty/libcxx/libcxx/src/algorithm.cpp:9:
/home/abc/nhat/optee_examples/eevm_minimal_ta/build_oe_libs/musl/include/string.h:11:9: warning: "NULL" redefined
   11 | #define NULL 0L
      |         ^~~~
In file included from /home/abc/nhat/optee_examples/eevm_minimal_ta/build_oe_libs/libcxx/include/cstddef:44,
                 from /home/abc/nhat/optee_examples/eevm_minimal_ta/build_oe_libs/libcxx/include/initializer_list:46,
                 from /home/abc/nhat/optee_examples/eevm_minimal_ta/build_oe_libs/libcxx/include/algorithm:639:
/home/abc/arm-toolchain/lib/gcc/aarch64-none-linux-gnu/14.3.1/include/stddef.h:416:9: note: this is the location of the previous definition
  416 | #define NULL __null
      |         ^~~~
In file included from /home/abc/nhat/optee_examples/eevm_minimal_ta/build_oe_libs/libcxx/include/random:1637,
                 from /home/abc/nhat/optee_examples/eevm_minimal_ta/external/openenclave/3rdparty/libcxx/libcxx/src/algorithm.cpp:10:
/home/abc/nhat/optee_examples/eevm_minimal_ta/build_oe_libs/libcxx/include/cmath:317:9: error: ‘signbit’ has not been declared in ‘::’
  317 | using ::signbit;
      |         ^~~~~~~
/home/abc/nhat/optee_examples/eevm_minimal_ta/build_oe_libs/libcxx/include/cmath:318:9: error: ‘fpclassify’ has not been declared in ‘::’
  318 | using ::fpclassify;
      |         ^~~~~~~~~~
/home/abc/nhat/optee_examples/eevm_minimal_ta/build_oe_libs/libcxx/include/cmath:319:9: error: ‘isfinite’ has not been declared in ‘::’
  319 | using ::isfinite;
      |         ^~~~~~~~
/home/abc/nhat/optee_examples/eevm_minimal_ta/build_oe_libs/libcxx/include/cmath:320:9: error: ‘isinf’ has not been declared in ‘::’
  320 | using ::isinf;
      |         ^~~~~
/home/abc/nhat/optee_examples/eevm_minimal_ta/build_oe_libs/libcxx/include/cmath:321:9: error: ‘isnan’ has not been declared in ‘::’
  321 | using ::isnan;
      |         ^~~~~
/home/abc/nhat/optee_examples/eevm_minimal_ta/build_oe_libs/libcxx/include/cmath:322:9: error: ‘isnormal’ has not been declared in ‘::’
  322 | using ::isnormal;
      |         ^~~~~~~~
/home/abc/nhat/optee_examples/eevm_minimal_ta/build_oe_libs/libcxx/include/cmath:323:9: error: ‘isgreater’ has not been declared in ‘::’
  323 | using ::isgreater;
      |         ^~~~~~~~~
/home/abc/nhat/optee_examples/eevm_minimal_ta/build_oe_libs/libcxx/include/cmath:324:9: error: ‘isgreaterequal’ has not been declared in ‘::’
  324 | using ::isgreaterequal;
      |         ^~~~~~~~~~~~~~
/home/abc/nhat/optee_examples/eevm_minimal_ta/build_oe_libs/libcxx/include/cmath:325:9: error: ‘isless’ has not been declared in ‘::’
  325 | using ::isless;
      |         ^~~~~~
/home/abc/nhat/optee_examples/eevm_minimal_ta/build_oe_libs/libcxx/include/cmath:326:9: error: ‘islessequal’ has not been declared in ‘::’
  326 | using ::islessequal;
      |         ^~~~~~~~~~~
/home/abc/nhat/optee_examples/eevm_minimal_ta/build_oe_libs/libcxx/include/cmath:327:9: error: ‘islessgreater’ has not been declared in ‘::’
  327 | using ::islessgreater;
      |         ^~~~~~~~~~~~~
/home/abc/nhat/optee_examples/eevm_minimal_ta/build_oe_libs/libcxx/include/cmath:328:9: error: ‘isunordered’ has not been declared in ‘::’
  328 | using ::isunordered;
      |         ^~~~~~~~~~~
/home/abc/nhat/optee_examples/eevm_minimal_ta/build_oe_libs/libcxx/include/cmath:329:9: error: ‘isunordered’ has not been declared in ‘::’
  329 | using ::isunordered;
      |         ^~~~~~~~~~~
