cc1plus: warning: ‘-Werror=’ argument ‘-Werror=implicit-function-declaration’ is not valid for C++
In file included from /home/abc/nhat/optee_examples/eevm_minimal_ta/build_full_cxx/libcxx/include/__config:19,
                 from /home/abc/nhat/optee_examples/eevm_minimal_ta/build_full_cxx/libcxx/include/new:89,
                 from /home/abc/nhat/optee_examples/eevm_minimal_ta/external/openenclave/3rdparty/libcxx/libcxx/src/new.cpp:11:
/home/abc/nhat/optee_examples/eevm_minimal_ta/build_full_cxx/libcxx/include/__config_original:1306:50: error: missing ')' after "__has_attribute"
 1306 | #if __cplusplus > 201402L && __has_cpp_attribute(fallthrough)
      |                                                  ^~~~~~~~~~~
In file included from /home/abc/optee_os/out/arm-plat-rpi5/export-ta_arm64/include/stdlib.h:14,
                 from /home/abc/nhat/optee_examples/eevm_minimal_ta/external/openenclave/3rdparty/libcxx/libcxx/src/new.cpp:9:
/home/abc/optee_os/out/arm-plat-rpi5/export-ta_arm64/include/compiler.h:288:35: error: missing binary operator before token "("
  288 | #define fallthrough __attribute__((__fallthrough__))
      |                                   ^
/home/abc/nhat/optee_examples/eevm_minimal_ta/build_full_cxx/libcxx/include/__config_original:1308:34: error: missing ')' after "__has_attribute"
 1308 | #elif __has_cpp_attribute(clang::fallthrough)
      |                                  ^~~~~~~~~~~
/home/abc/optee_os/out/arm-plat-rpi5/export-ta_arm64/include/compiler.h:288:35: error: missing binary operator before token "("
  288 | #define fallthrough __attribute__((__fallthrough__))
      |                                   ^
/home/abc/nhat/optee_examples/eevm_minimal_ta/build_full_cxx/libcxx/include/__config_original:1310:23: error: missing ')' after "__has_attribute"
 1310 | #elif __has_attribute(fallthrough) || _GNUC_VER >= 700
      |                       ^~~~~~~~~~~
/home/abc/optee_os/out/arm-plat-rpi5/export-ta_arm64/include/compiler.h:288:35: error: missing binary operator before token "("
  288 | #define fallthrough __attribute__((__fallthrough__))
      |                                   ^
