cc1plus: warning: ‘-Werror=’ argument ‘-Werror=implicit-function-declaration’ is not valid for C++
In file included from /home/abc/nhat/optee_examples/eevm_minimal_ta/build_full_cxx/libcxx/include/__config:9,
                 from /home/abc/nhat/optee_examples/eevm_minimal_ta/build_full_cxx/libcxx/include/optional:149,
                 from /home/abc/nhat/optee_examples/eevm_minimal_ta/external/openenclave/3rdparty/libcxx/libcxx/src/optional.cpp:9:
/home/abc/nhat/optee_examples/eevm_minimal_ta/build_full_cxx/musl/include/locale.h:11:9: warning: "NULL" redefined
   11 | #define NULL 0L
      |         ^~~~
In file included from /home/abc/nhat/optee_examples/eevm_minimal_ta/build_full_cxx/libcxx/include/__config:8:
/home/abc/nhat/optee_examples/eevm_minimal_ta/build_full_cxx/musl/include/bits/alltypes.h:77:9: note: this is the location of the previous definition
   77 | #define NULL ((void*)0)
      |         ^~~~
In file included from /home/abc/optee_os/out/arm-plat-rpi5/export-ta_arm64/include/pta_stats.h:10,
                 from /home/abc/optee_os/out/arm-plat-rpi5/export-ta_arm64/include/malloc.h:10,
                 from /home/abc/optee_os/out/arm-plat-rpi5/export-ta_arm64/include/stdlib.h:16,
                 from /home/abc/nhat/optee_examples/eevm_minimal_ta/build_full_cxx/libcxx/include/cstdlib:85,
                 from /home/abc/nhat/optee_examples/eevm_minimal_ta/build_full_cxx/libcxx/include/__debug:25,
                 from /home/abc/nhat/optee_examples/eevm_minimal_ta/build_full_cxx/libcxx/include/optional:150:
/home/abc/optee_os/out/arm-plat-rpi5/export-ta_arm64/include/tee_api_types.h:52:17: error: ‘size_t’ does not name a type
   52 |                 size_t size;
      |                 ^~~~~~
/home/abc/optee_os/out/arm-plat-rpi5/export-ta_arm64/include/tee_api_types.h:15:1: note: ‘size_t’ is defined in header ‘<cstddef>’; this is probably fixable by adding ‘#include <cstddef>’
   14 | #include <tee_api_defines.h>
  +++ |+#include <cstddef>
   15 | 
/home/abc/optee_os/out/arm-plat-rpi5/export-ta_arm64/include/tee_api_types.h:99:9: error: ‘size_t’ does not name a type
   99 |         size_t dataSize;
      |         ^~~~~~
/home/abc/optee_os/out/arm-plat-rpi5/export-ta_arm64/include/tee_api_types.h:99:9: note: ‘size_t’ is defined in header ‘<cstddef>’; this is probably fixable by adding ‘#include <cstddef>’
/home/abc/optee_os/out/arm-plat-rpi5/export-ta_arm64/include/tee_api_types.h:100:9: error: ‘size_t’ does not name a type
  100 |         size_t dataPosition;
      |         ^~~~~~
/home/abc/optee_os/out/arm-plat-rpi5/export-ta_arm64/include/tee_api_types.h:100:9: note: ‘size_t’ is defined in header ‘<cstddef>’; this is probably fixable by adding ‘#include <cstddef>’
/home/abc/optee_os/out/arm-plat-rpi5/export-ta_arm64/include/tee_api_types.h:127:25: error: ‘size_t’ does not name a type
  127 |                         size_t length;
      |                         ^~~~~~
/home/abc/optee_os/out/arm-plat-rpi5/export-ta_arm64/include/tee_api_types.h:127:25: note: ‘size_t’ is defined in header ‘<cstddef>’; this is probably fixable by adding ‘#include <cstddef>’
