cc1plus: warning: ‘-Werror=’ argument ‘-Werror=implicit-function-declaration’ is not valid for C++
In file included from /home/abc/nhat/optee_examples/eevm_minimal_ta/build_full_cxx/libcxx/include/__config:9,
                 from /home/abc/nhat/optee_examples/eevm_minimal_ta/build_full_cxx/libcxx/include/variant:199,
                 from /home/abc/nhat/optee_examples/eevm_minimal_ta/external/openenclave/3rdparty/libcxx/libcxx/src/variant.cpp:9:
/home/abc/nhat/optee_examples/eevm_minimal_ta/build_full_cxx/musl/include/locale.h:11:9: warning: "NULL" redefined
   11 | #define NULL 0L
      |         ^~~~
In file included from /home/abc/nhat/optee_examples/eevm_minimal_ta/build_full_cxx/libcxx/include/__config:8:
/home/abc/nhat/optee_examples/eevm_minimal_ta/build_full_cxx/musl/include/bits/alltypes.h:77:9: note: this is the location of the previous definition
   77 | #define NULL ((void*)0)
      |         ^~~~
In file included from /home/abc/nhat/optee_examples/eevm_minimal_ta/build_full_cxx/libcxx/include/utility:203,
                 from /home/abc/nhat/optee_examples/eevm_minimal_ta/build_full_cxx/libcxx/include/array:109,
                 from /home/abc/nhat/optee_examples/eevm_minimal_ta/build_full_cxx/libcxx/include/variant:201:
/home/abc/nhat/optee_examples/eevm_minimal_ta/build_full_cxx/libcxx/include/cstring:73:9: error: ‘strcat’ has not been declared in ‘::’
   73 | using ::strcat;
      |         ^~~~~~
/home/abc/nhat/optee_examples/eevm_minimal_ta/build_full_cxx/libcxx/include/cstring:74:9: error: ‘strncat’ has not been declared in ‘::’
   74 | using ::strncat;
      |         ^~~~~~~
/home/abc/nhat/optee_examples/eevm_minimal_ta/build_full_cxx/libcxx/include/cstring:78:9: error: ‘strcoll’ has not been declared in ‘::’
   78 | using ::strcoll;
      |         ^~~~~~~
/home/abc/nhat/optee_examples/eevm_minimal_ta/build_full_cxx/libcxx/include/cstring:79:9: error: ‘strxfrm’ has not been declared in ‘::’
   79 | using ::strxfrm;
      |         ^~~~~~~
/home/abc/nhat/optee_examples/eevm_minimal_ta/build_full_cxx/libcxx/include/cstring:82:9: error: ‘strcspn’ has not been declared in ‘::’
   82 | using ::strcspn;
      |         ^~~~~~~
/home/abc/nhat/optee_examples/eevm_minimal_ta/build_full_cxx/libcxx/include/cstring:83:9: error: ‘strpbrk’ has not been declared in ‘::’
   83 | using ::strpbrk;
      |         ^~~~~~~
/home/abc/nhat/optee_examples/eevm_minimal_ta/build_full_cxx/libcxx/include/cstring:85:9: error: ‘strspn’ has not been declared in ‘::’
   85 | using ::strspn;
      |         ^~~~~~
/home/abc/nhat/optee_examples/eevm_minimal_ta/build_full_cxx/libcxx/include/cstring:88:9: error: ‘strtok’ has not been declared in ‘::’
   88 | using ::strtok;
      |         ^~~~~~
/home/abc/nhat/optee_examples/eevm_minimal_ta/build_full_cxx/libcxx/include/cstring:91:9: error: ‘strerror’ has not been declared in ‘::’
   91 | using ::strerror;
      |         ^~~~~~~~
